// Jest Snapshot v1, https://goo.gl/fbAQLP

exports[`Wireguard Cloud Init Renders as expected 1`] = `
"{
  \\"resource\\": {
    \\"cloudinit_config\\": {
      \\"Resource\\": {
        \\"base64_encode\\": true,
        \\"gzip\\": true,
        \\"part\\": [
          {
            \\"content\\": \\"#cloud-config\\\\napt_upgrade: true\\\\npackages:\\\\n  - wireguard\\",
            \\"content_type\\": \\"text/cloud-config\\"
          },
          {
            \\"content\\": \\"#!/bin/bash\\\\n\\\\nmkdir -p /etc/wireguard\\\\ncd /etc/wireguard\\\\n\\\\numask 077\\\\n\\\\ncat > wg0.conf <<- EOF\\\\n[Interface]\\\\nAddress = 10.0.0.1/24\\\\nListenPort = 12345\\\\nPrivateKey = priv-key\\\\nPostUp = iptables -A FORWARD -i %i -j ACCEPT; iptables -t nat -A POSTROUTING -o eth0 -j MASQUERADE\\\\nPostDown = iptables -D FORWARD -i %i -j ACCEPT; iptables -t nat -D POSTROUTING -o eth0 -j MASQUERADE\\\\n\\\\n[Peer]\\\\nPublicKey = pub-key\\\\nAllowedIPs = 10.0.0.10/24\\\\nEOF\\\\n\\\\numask 022\\\\nsysctl -w net.ipv4.ip_forward=1\\\\necho \\\\\\"net.ipv4.ip_forward = 1\\\\\\" >> /etc/sysctl.d/forwarding.conf\\\\n\\\\nsystemctl enable wg-quick@wg0\\\\nsystemctl start wg-quick@wg0\\",
            \\"content_type\\": \\"text/x-shellscript\\"
          }
        ]
      }
    }
  }
}"
`;
